// Jest Snapshot v1, https://goo.gl/fbAQLP

exports[`AppComponent should match the snapshot 1`] = `
<learn-angular-root
  __ngContext__={[Function Number]}
  title={[Function String]}
>
  <div
    class="main-display"
  >
    <learn-angular-todo>
      <mat-card
        class="mat-card mat-focus-indicator _mat-animation-noopable"
      >
        <mat-card-title
          class="mat-card-title"
        >
          Things to do
        </mat-card-title>
        <mat-card-content
          class="mat-card-content"
        >
          <section>
          </section>
        </mat-card-content>
        <mat-card-footer
          class="mat-card-footer"
        >
          <form
            class="ng-untouched ng-pristine ng-valid"
            novalidate=""
          >
            <div
              class="new-todo-footer"
            >
              <mat-form-field
                appearance="fill"
                class="mat-form-field todo-description mat-primary mat-form-field-type-mat-input mat-form-field-appearance-fill mat-form-field-can-float mat-form-field-has-label mat-form-field-hide-placeholder ng-untouched ng-pristine ng-valid _mat-animation-noopable"
              >
                <div
                  class="mat-form-field-wrapper"
                >
                  <div
                    class="mat-form-field-flex"
                  >
                    <div
                      class="mat-form-field-infix"
                    >
                      <input
                        aria-invalid="false"
                        aria-required="false"
                        class="mat-input-element mat-form-field-autofill-control ng-untouched ng-pristine ng-valid cdk-text-field-autofill-monitored"
                        data-placeholder="Something to do"
                        matinput=""
                        name="newTodoDescription"
                        placeholder="Something to do"
                      />
                      <span
                        class="mat-form-field-label-wrapper"
                      >
                        <label
                          class="mat-form-field-label mat-empty mat-form-field-empty"
                        >
                          <mat-label>
                            Something you need to do
                          </mat-label>
                        </label>
                      </span>
                    </div>
                  </div>
                  <div
                    class="mat-form-field-underline"
                  >
                    <span
                      class="mat-form-field-ripple"
                    />
                  </div>
                  <div
                    class="mat-form-field-subscript-wrapper"
                  >
                    <div
                      class="mat-form-field-hint-wrapper ng-trigger ng-trigger-transitionMessages"
                      style="opacity:1;transform:translateY(0%);0:opacity;1:transform;"
                    >
                      <div
                        class="mat-form-field-hint-spacer"
                      />
                    </div>
                  </div>
                </div>
              </mat-form-field>
              <button
                class="mat-focus-indicator add-btn mat-raised-button mat-button-base mat-primary _mat-animation-noopable mat-button-disabled"
                color="primary"
                disabled="true"
                mat-raised-button=""
                matsuffix=""
                type="submit"
              >
                <span
                  class="mat-button-wrapper"
                >
                  Add
                </span>
                <span
                  class="mat-ripple mat-button-ripple"
                  matripple=""
                />
                <span
                  class="mat-button-focus-overlay"
                />
              </button>
            </div>
          </form>
          <button
            class="mat-focus-indicator clear-all-btn mat-raised-button mat-button-base _mat-animation-noopable"
            mat-raised-button=""
            type="button"
          >
            <span
              class="mat-button-wrapper"
            >
              Clear All
            </span>
            <span
              class="mat-ripple mat-button-ripple"
              matripple=""
            />
            <span
              class="mat-button-focus-overlay"
            />
          </button>
        </mat-card-footer>
      </mat-card>
    </learn-angular-todo>
    <learn-angular-todo>
      <mat-card
        class="mat-card mat-focus-indicator _mat-animation-noopable"
      >
        <mat-card-title
          class="mat-card-title"
        >
          Things to do
        </mat-card-title>
        <mat-card-content
          class="mat-card-content"
        >
          <section>
          </section>
        </mat-card-content>
        <mat-card-footer
          class="mat-card-footer"
        >
          <form
            class="ng-untouched ng-pristine ng-valid"
            novalidate=""
          >
            <div
              class="new-todo-footer"
            >
              <mat-form-field
                appearance="fill"
                class="mat-form-field todo-description mat-primary mat-form-field-type-mat-input mat-form-field-appearance-fill mat-form-field-can-float mat-form-field-has-label mat-form-field-hide-placeholder ng-untouched ng-pristine ng-valid _mat-animation-noopable"
              >
                <div
                  class="mat-form-field-wrapper"
                >
                  <div
                    class="mat-form-field-flex"
                  >
                    <div
                      class="mat-form-field-infix"
                    >
                      <input
                        aria-invalid="false"
                        aria-required="false"
                        class="mat-input-element mat-form-field-autofill-control ng-untouched ng-pristine ng-valid cdk-text-field-autofill-monitored"
                        data-placeholder="Something to do"
                        matinput=""
                        name="newTodoDescription"
                        placeholder="Something to do"
                      />
                      <span
                        class="mat-form-field-label-wrapper"
                      >
                        <label
                          class="mat-form-field-label mat-empty mat-form-field-empty"
                        >
                          <mat-label>
                            Something you need to do
                          </mat-label>
                        </label>
                      </span>
                    </div>
                  </div>
                  <div
                    class="mat-form-field-underline"
                  >
                    <span
                      class="mat-form-field-ripple"
                    />
                  </div>
                  <div
                    class="mat-form-field-subscript-wrapper"
                  >
                    <div
                      class="mat-form-field-hint-wrapper ng-trigger ng-trigger-transitionMessages"
                      style="opacity:1;transform:translateY(0%);0:opacity;1:transform;"
                    >
                      <div
                        class="mat-form-field-hint-spacer"
                      />
                    </div>
                  </div>
                </div>
              </mat-form-field>
              <button
                class="mat-focus-indicator add-btn mat-raised-button mat-button-base mat-primary _mat-animation-noopable mat-button-disabled"
                color="primary"
                disabled="true"
                mat-raised-button=""
                matsuffix=""
                type="submit"
              >
                <span
                  class="mat-button-wrapper"
                >
                  Add
                </span>
                <span
                  class="mat-ripple mat-button-ripple"
                  matripple=""
                />
                <span
                  class="mat-button-focus-overlay"
                />
              </button>
            </div>
          </form>
          <button
            class="mat-focus-indicator clear-all-btn mat-raised-button mat-button-base _mat-animation-noopable"
            mat-raised-button=""
            type="button"
          >
            <span
              class="mat-button-wrapper"
            >
              Clear All
            </span>
            <span
              class="mat-ripple mat-button-ripple"
              matripple=""
            />
            <span
              class="mat-button-focus-overlay"
            />
          </button>
        </mat-card-footer>
      </mat-card>
    </learn-angular-todo>
  </div>
</learn-angular-root>
`;
